Triangle: This form has the color red
The Area is: 6.0
Triangle: This form has the color white
The Area is: 0.0
Square: This form has the color yellow
The Area is: 16.0
Square: This form has the color white
The Area is: 0.0
Circle: This form has the color green
The Area is: 314.15927
Circle: This form has the color white
The Area is: 0.0